[INFO] JOBID=18944395

*II* !!!! CMIP FIX YEAR SETTINGS:
*II* ifs_cmip_fixyear:  0
*II* lpjg_fixNDepAfter: -1
*II* lpjg_fixLUAfter:   -1
*II* !!!!
